Archive member included to satisfy reference by file (symbol)

C:/ST/STM32CubeIDE_1.13.2/STM32CubeIDE/plugins/com.st.stm32cube.ide.mcu.externaltools.gnu-tools-for-stm32.11.3.rel1.win32_1.1.1.202309131626/tools/bin/../lib/gcc/arm-none-eabi/11.3.1/../../../../arm-none-eabi/lib/thumb/v7e-m+fp/hard\libc_nano.a(libc_a-exit.o)
                              C:/ST/STM32CubeIDE_1.13.2/STM32CubeIDE/plugins/com.st.stm32cube.ide.mcu.externaltools.gnu-tools-for-stm32.11.3.rel1.win32_1.1.1.202309131626/tools/bin/../lib/gcc/arm-none-eabi/11.3.1/../../../../arm-none-eabi/lib/thumb/v7e-m+fp/hard/crt0.o (exit)
C:/ST/STM32CubeIDE_1.13.2/STM32CubeIDE/plugins/com.st.stm32cube.ide.mcu.externaltools.gnu-tools-for-stm32.11.3.rel1.win32_1.1.1.202309131626/tools/bin/../lib/gcc/arm-none-eabi/11.3.1/../../../../arm-none-eabi/lib/thumb/v7e-m+fp/hard\libc_nano.a(libc_a-findfp.o)
                              C:/ST/STM32CubeIDE_1.13.2/STM32CubeIDE/plugins/com.st.stm32cube.ide.mcu.externaltools.gnu-tools-for-stm32.11.3.rel1.win32_1.1.1.202309131626/tools/bin/../lib/gcc/arm-none-eabi/11.3.1/../../../../arm-none-eabi/lib/thumb/v7e-m+fp/hard\libc_nano.a(libc_a-exit.o) (__stdio_exit_handler)
C:/ST/STM32CubeIDE_1.13.2/STM32CubeIDE/plugins/com.st.stm32cube.ide.mcu.externaltools.gnu-tools-for-stm32.11.3.rel1.win32_1.1.1.202309131626/tools/bin/../lib/gcc/arm-none-eabi/11.3.1/../../../../arm-none-eabi/lib/thumb/v7e-m+fp/hard\libc_nano.a(libc_a-fwalk.o)
                              C:/ST/STM32CubeIDE_1.13.2/STM32CubeIDE/plugins/com.st.stm32cube.ide.mcu.externaltools.gnu-tools-for-stm32.11.3.rel1.win32_1.1.1.202309131626/tools/bin/../lib/gcc/arm-none-eabi/11.3.1/../../../../arm-none-eabi/lib/thumb/v7e-m+fp/hard\libc_nano.a(libc_a-findfp.o) (_fwalk_sglue)
C:/ST/STM32CubeIDE_1.13.2/STM32CubeIDE/plugins/com.st.stm32cube.ide.mcu.externaltools.gnu-tools-for-stm32.11.3.rel1.win32_1.1.1.202309131626/tools/bin/../lib/gcc/arm-none-eabi/11.3.1/../../../../arm-none-eabi/lib/thumb/v7e-m+fp/hard\libc_nano.a(libc_a-stdio.o)
                              C:/ST/STM32CubeIDE_1.13.2/STM32CubeIDE/plugins/com.st.stm32cube.ide.mcu.externaltools.gnu-tools-for-stm32.11.3.rel1.win32_1.1.1.202309131626/tools/bin/../lib/gcc/arm-none-eabi/11.3.1/../../../../arm-none-eabi/lib/thumb/v7e-m+fp/hard\libc_nano.a(libc_a-findfp.o) (__sread)
C:/ST/STM32CubeIDE_1.13.2/STM32CubeIDE/plugins/com.st.stm32cube.ide.mcu.externaltools.gnu-tools-for-stm32.11.3.rel1.win32_1.1.1.202309131626/tools/bin/../lib/gcc/arm-none-eabi/11.3.1/../../../../arm-none-eabi/lib/thumb/v7e-m+fp/hard\libc_nano.a(libc_a-memset.o)
                              C:/ST/STM32CubeIDE_1.13.2/STM32CubeIDE/plugins/com.st.stm32cube.ide.mcu.externaltools.gnu-tools-for-stm32.11.3.rel1.win32_1.1.1.202309131626/tools/bin/../lib/gcc/arm-none-eabi/11.3.1/../../../../arm-none-eabi/lib/thumb/v7e-m+fp/hard/crt0.o (memset)
C:/ST/STM32CubeIDE_1.13.2/STM32CubeIDE/plugins/com.st.stm32cube.ide.mcu.externaltools.gnu-tools-for-stm32.11.3.rel1.win32_1.1.1.202309131626/tools/bin/../lib/gcc/arm-none-eabi/11.3.1/../../../../arm-none-eabi/lib/thumb/v7e-m+fp/hard\libc_nano.a(libc_a-closer.o)
                              C:/ST/STM32CubeIDE_1.13.2/STM32CubeIDE/plugins/com.st.stm32cube.ide.mcu.externaltools.gnu-tools-for-stm32.11.3.rel1.win32_1.1.1.202309131626/tools/bin/../lib/gcc/arm-none-eabi/11.3.1/../../../../arm-none-eabi/lib/thumb/v7e-m+fp/hard\libc_nano.a(libc_a-stdio.o) (_close_r)
C:/ST/STM32CubeIDE_1.13.2/STM32CubeIDE/plugins/com.st.stm32cube.ide.mcu.externaltools.gnu-tools-for-stm32.11.3.rel1.win32_1.1.1.202309131626/tools/bin/../lib/gcc/arm-none-eabi/11.3.1/../../../../arm-none-eabi/lib/thumb/v7e-m+fp/hard\libc_nano.a(libc_a-reent.o)
                              C:/ST/STM32CubeIDE_1.13.2/STM32CubeIDE/plugins/com.st.stm32cube.ide.mcu.externaltools.gnu-tools-for-stm32.11.3.rel1.win32_1.1.1.202309131626/tools/bin/../lib/gcc/arm-none-eabi/11.3.1/../../../../arm-none-eabi/lib/thumb/v7e-m+fp/hard\libc_nano.a(libc_a-closer.o) (errno)
C:/ST/STM32CubeIDE_1.13.2/STM32CubeIDE/plugins/com.st.stm32cube.ide.mcu.externaltools.gnu-tools-for-stm32.11.3.rel1.win32_1.1.1.202309131626/tools/bin/../lib/gcc/arm-none-eabi/11.3.1/../../../../arm-none-eabi/lib/thumb/v7e-m+fp/hard\libc_nano.a(libc_a-impure.o)
                              C:/ST/STM32CubeIDE_1.13.2/STM32CubeIDE/plugins/com.st.stm32cube.ide.mcu.externaltools.gnu-tools-for-stm32.11.3.rel1.win32_1.1.1.202309131626/tools/bin/../lib/gcc/arm-none-eabi/11.3.1/../../../../arm-none-eabi/lib/thumb/v7e-m+fp/hard\libc_nano.a(libc_a-reent.o) (_impure_ptr)
C:/ST/STM32CubeIDE_1.13.2/STM32CubeIDE/plugins/com.st.stm32cube.ide.mcu.externaltools.gnu-tools-for-stm32.11.3.rel1.win32_1.1.1.202309131626/tools/bin/../lib/gcc/arm-none-eabi/11.3.1/../../../../arm-none-eabi/lib/thumb/v7e-m+fp/hard\libc_nano.a(libc_a-lseekr.o)
[...]
Memory Configuration

Name             Origin             Length             Attributes
RAM              0x0000000020000000 0x0000000000018000 xrw
RAM2             0x0000000010000000 0x0000000000008000 xrw
FLASH            0x0000000008000000 0x0000000000100000 xr
*default*        0x0000000000000000 0xffffffffffffffff

Linker script and memory map

LOAD C:/ST/STM32CubeIDE_1.13.2/STM32CubeIDE/plugins/com.st.stm32cube.ide.mcu.externaltools.gnu-tools-for-stm32.11.3.rel1.win32_1.1.1.202309131626/tools/bin/../lib/gcc/arm-none-eabi/11.3.1/thumb/v7e-m+fp/hard/crti.o
LOAD C:/ST/STM32CubeIDE_1.13.2/STM32CubeIDE/plugins/com.st.stm32cube.ide.mcu.externaltools.gnu-tools-for-stm32.11.3.rel1.win32_1.1.1.202309131626/tools/bin/../lib/gcc/arm-none-eabi/11.3.1/thumb/v7e-m+fp/hard/crtbegin.o
LOAD C:/ST/STM32CubeIDE_1.13.2/STM32CubeIDE/plugins/com.st.stm32cube.ide.mcu.externaltools.gnu-tools-for-stm32.11.3.rel1.win32_1.1.1.202309131626/tools/bin/../lib/gcc/arm-none-eabi/11.3.1/../../../../arm-none-eabi/lib/thumb/v7e-m+fp/hard/crt0.o
LOAD ./Core/Src/main.o
LOAD ./Core/Src/stm32l4xx_it.o
LOAD ./Core/Src/syscalls.o
LOAD ./Core/Src/sysmem.o
LOAD ./Core/Src/system_stm32l4xx.o
LOAD ./Core/Startup/startup_stm32l476rgtx.o
LOAD ./Drivers/STM32L4xx_HAL_Driver/Src/stm32l4xx_ll_exti.o
LOAD ./Drivers/STM32L4xx_HAL_Driver/Src/stm32l4xx_ll_gpio.o
LOAD ./Drivers/STM32L4xx_HAL_Driver/Src/stm32l4xx_ll_pwr.o
LOAD ./Drivers/STM32L4xx_HAL_Driver/Src/stm32l4xx_ll_utils.o
START GROUP
LOAD C:/ST/STM32CubeIDE_1.13.2/STM32CubeIDE/plugins/com.st.stm32cube.ide.mcu.externaltools.gnu-tools-for-stm32.11.3.rel1.win32_1.1.1.202309131626/tools/bin/../lib/gcc/arm-none-eabi/11.3.1/../../../../arm-none-eabi/lib/thumb/v7e-m+fp/hard\libc_nano.a
LOAD C:/ST/STM32CubeIDE_1.13.2/STM32CubeIDE/plugins/com.st.stm32cube.ide.mcu.externaltools.gnu-tools-for-stm32.11.3.rel1.win32_1.1.1.202309131626/tools/bin/../lib/gcc/arm-none-eabi/11.3.1/../../../../arm-none-eabi/lib/thumb/v7e-m+fp/hard\libm.a
END GROUP
START GROUP
LOAD C:/ST/STM32CubeIDE_1.13.2/STM32CubeIDE/plugins/com.st.stm32cube.ide.mcu.externaltools.gnu-tools-for-stm32.11.3.rel1.win32_1.1.1.202309131626/tools/bin/../lib/gcc/arm-none-eabi/11.3.1/thumb/v7e-m+fp/hard\libgcc.a
LOAD C:/ST/STM32CubeIDE_1.13.2/STM32CubeIDE/plugins/com.st.stm32cube.ide.mcu.externaltools.gnu-tools-for-stm32.11.3.rel1.win32_1.1.1.202309131626/tools/bin/../lib/gcc/arm-none-eabi/11.3.1/../../../../arm-none-eabi/lib/thumb/v7e-m+fp/hard\libc_nano.a
END GROUP
START GROUP
LOAD C:/ST/STM32CubeIDE_1.13.2/STM32CubeIDE/plugins/com.st.stm32cube.ide.mcu.externaltools.gnu-tools-for-stm32.11.3.rel1.win32_1.1.1.202309131626/tools/bin/../lib/gcc/arm-none-eabi/11.3.1/thumb/v7e-m+fp/hard\libgcc.a
LOAD C:/ST/STM32CubeIDE_1.13.2/STM32CubeIDE/plugins/com.st.stm32cube.ide.mcu.externaltools.gnu-tools-for-stm32.11.3.rel1.win32_1.1.1.202309131626/tools/bin/../lib/gcc/arm-none-eabi/11.3.1/../../../../arm-none-eabi/lib/thumb/v7e-m+fp/hard\libc_nano.a
LOAD C:/ST/STM32CubeIDE_1.13.2/STM32CubeIDE/plugins/com.st.stm32cube.ide.mcu.externaltools.gnu-tools-for-stm32.11.3.rel1.win32_1.1.1.202309131626/tools/bin/../lib/gcc/arm-none-eabi/11.3.1/../../../../arm-none-eabi/lib/thumb/v7e-m+fp/hard\libnosys.a
END GROUP
START GROUP
LOAD C:/ST/STM32CubeIDE_1.13.2/STM32CubeIDE/plugins/com.st.stm32cube.ide.mcu.externaltools.gnu-tools-for-stm32.11.3.rel1.win32_1.1.1.202309131626/tools/bin/../lib/gcc/arm-none-eabi/11.3.1/thumb/v7e-m+fp/hard\libgcc.a
LOAD C:/ST/STM32CubeIDE_1.13.2/STM32CubeIDE/plugins/com.st.stm32cube.ide.mcu.externaltools.gnu-tools-for-stm32.11.3.rel1.win32_1.1.1.202309131626/tools/bin/../lib/gcc/arm-none-eabi/11.3.1/../../../../arm-none-eabi/lib/thumb/v7e-m+fp/hard\libc_nano.a
LOAD C:/ST/STM32CubeIDE_1.13.2/STM32CubeIDE/plugins/com.st.stm32cube.ide.mcu.externaltools.gnu-tools-for-stm32.11.3.rel1.win32_1.1.1.202309131626/tools/bin/../lib/gcc/arm-none-eabi/11.3.1/../../../../arm-none-eabi/lib/thumb/v7e-m+fp/hard\libnosys.a
END GROUP
LOAD C:/ST/STM32CubeIDE_1.13.2/STM32CubeIDE/plugins/com.st.stm32cube.ide.mcu.externaltools.gnu-tools-for-stm32.11.3.rel1.win32_1.1.1.202309131626/tools/bin/../lib/gcc/arm-none-eabi/11.3.1/thumb/v7e-m+fp/hard/crtend.o
LOAD C:/ST/STM32CubeIDE_1.13.2/STM32CubeIDE/plugins/com.st.stm32cube.ide.mcu.externaltools.gnu-tools-for-stm32.11.3.rel1.win32_1.1.1.202309131626/tools/bin/../lib/gcc/arm-none-eabi/11.3.1/thumb/v7e-m+fp/hard/crtn.o
                0x0000000020018000                _estack = (ORIGIN (RAM) + LENGTH (RAM))
                0x0000000000000200                _Min_Heap_Size = 0x200
                0x0000000000000400                _Min_Stack_Size = 0x400

.isr_vector     0x0000000008000000      0x188
                0x0000000008000000                . = ALIGN (0x4)
 *(.isr_vector)
 .isr_vector    0x0000000008000000      0x188 ./Core/Startup/startup_stm32l476rgtx.o
                0x0000000008000000                g_pfnVectors
                0x0000000008000188                . = ALIGN (0x4)

.text           0x0000000008000188     0x1164
                0x0000000008000188                . = ALIGN (0x4)
 *(.text)
 .text          0x0000000008000188       0x40 C:/ST/STM32CubeIDE_1.13.2/STM32CubeIDE/plugins/com.st.stm32cube.ide.mcu.externaltools.gnu-tools-for-stm32.11.3.rel1.win32_1.1.1.202309131626/tools/bin/../lib/gcc/arm-none-eabi/11.3.1/thumb/v7e-m+fp/hard/crtbegin.o
 *(.text*)
 .text.__NVIC_SetPriorityGrouping
                0x00000000080001c8       0x48 ./Core/Src/main.o
 .text.__NVIC_GetPriorityGrouping
                0x0000000008000210       0x1c ./Core/Src/main.o
 .text.__NVIC_EnableIRQ
                0x000000000800022c       0x3c ./Core/Src/main.o
 .text.__NVIC_SetPriority
                0x0000000008000268       0x54 ./Core/Src/main.o
 .text.NVIC_EncodePriority
                0x00000000080002bc       0x66 ./Core/Src/main.o
 *fill*         0x0000000008000322        0x2 
 .text.LL_RCC_MSI_Enable
                0x0000000008000324       0x20 ./Core/Src/main.o
 .text.LL_RCC_MSI_IsReady
                0x0000000008000344       0x24 ./Core/Src/main.o
 .text.LL_RCC_MSI_EnableRangeSelection
                0x0000000008000368       0x20 ./Core/Src/main.o
 .text.LL_RCC_MSI_SetRange
                0x0000000008000388       0x28 ./Core/Src/main.o
 .text.LL_RCC_MSI_SetCalibTrimming
                0x00000000080003b0       0x2c ./Core/Src/main.o
 .text.LL_RCC_SetSysClkSource
                0x00000000080003dc       0x28 ./Core/Src/main.o
 .text.LL_RCC_GetSysClkSource
                0x0000000008000404       0x1c ./Core/Src/main.o
 .text.LL_RCC_SetAHBPrescaler
                0x0000000008000420       0x28 ./Core/Src/main.o
 .text.LL_RCC_SetAPB1Prescaler
                0x0000000008000448       0x28 ./Core/Src/main.o
 .text.LL_RCC_SetAPB2Prescaler
                0x0000000008000470       0x28 ./Core/Src/main.o
 .text.LL_AHB2_GRP1_EnableClock
                0x0000000008000498       0x30 ./Core/Src/main.o
 .text.LL_APB1_GRP1_EnableClock
                0x00000000080004c8       0x30 ./Core/Src/main.o
 .text.LL_APB2_GRP1_EnableClock
                0x00000000080004f8       0x30 ./Core/Src/main.o
 .text.LL_SYSCFG_SetEXTISource
                0x0000000008000528       0x6c ./Core/Src/main.o
 .text.LL_FLASH_SetLatency
                0x0000000008000594       0x28 ./Core/Src/main.o
 .text.LL_FLASH_GetLatency
                0x00000000080005bc       0x1c ./Core/Src/main.o
 .text.LL_PWR_SetRegulVoltageScaling
                0x00000000080005d8       0x28 ./Core/Src/main.o
 .text.LL_PWR_IsActiveFlag_VOS
                0x0000000008000600       0x28 ./Core/Src/main.o
 .text.LL_GPIO_SetPinMode
                0x0000000008000628       0x7a ./Core/Src/main.o
 .text.LL_GPIO_SetPinPull
                0x00000000080006a2       0x7a ./Core/Src/main.o
 .text.LL_GPIO_ResetOutputPin
                0x000000000800071c       0x1c ./Core/Src/main.o
 .text.LL_GPIO_TogglePin
                0x0000000008000738       0x32 ./Core/Src/main.o
 *fill*         0x000000000800076a        0x2 
 .text.main     0x000000000800076c       0x5c ./Core/Src/main.o
                0x000000000800076c                main
 .text.SystemClock_Config
                0x00000000080007c8       0x84 ./Core/Src/main.o
                0x00000000080007c8                SystemClock_Config
 .text.MX_GPIO_Init
                0x000000000800084c       0xd0 ./Core/Src/main.o
 .text.LL_EXTI_IsActiveFlag_0_31
                0x000000000800091c       0x2c ./Core/Src/stm32l4xx_it.o
 .text.LL_EXTI_ClearFlag_0_31
                0x0000000008000948       0x20 ./Core/Src/stm32l4xx_it.o
 .text.NMI_Handler
                0x0000000008000968        0x6 ./Core/Src/stm32l4xx_it.o
                0x0000000008000968                NMI_Handler
 .text.HardFault_Handler
                0x000000000800096e        0x6 ./Core/Src/stm32l4xx_it.o
                0x000000000800096e                HardFault_Handler
 .text.MemManage_Handler
                0x0000000008000974        0x6 ./Core/Src/stm32l4xx_it.o
                0x0000000008000974                MemManage_Handler
 .text.BusFault_Handler
                0x000000000800097a        0x6 ./Core/Src/stm32l4xx_it.o
                0x000000000800097a                BusFault_Handler
 .text.UsageFault_Handler
                0x0000000008000980        0x6 ./Core/Src/stm32l4xx_it.o
                0x0000000008000980                UsageFault_Handler
 .text.SVC_Handler
                0x0000000008000986        0xe ./Core/Src/stm32l4xx_it.o
                0x0000000008000986                SVC_Handler
 .text.DebugMon_Handler
                0x0000000008000994        0xe ./Core/Src/stm32l4xx_it.o
                0x0000000008000994                DebugMon_Handler
 .text.PendSV_Handler
                0x00000000080009a2        0xe ./Core/Src/stm32l4xx_it.o
                0x00000000080009a2                PendSV_Handler
 .text.SysTick_Handler
                0x00000000080009b0        0xe ./Core/Src/stm32l4xx_it.o
                0x00000000080009b0                SysTick_Handler
 *fill*         0x00000000080009be        0x2 
 .text.EXTI15_10_IRQHandler
                0x00000000080009c0       0x28 ./Core/Src/stm32l4xx_it.o
                0x00000000080009c0                EXTI15_10_IRQHandler
 .text.SystemInit
                0x00000000080009e8       0x24 ./Core/Src/system_stm32l4xx.o
                0x00000000080009e8                SystemInit
 .text.Reset_Handler
                0x0000000008000a0c       0x50 ./Core/Startup/startup_stm32l476rgtx.o
                0x0000000008000a0c                Reset_Handler
 .text.Default_Handler
                0x0000000008000a5c        0x2 ./Core/Startup/startup_stm32l476rgtx.o
                0x0000000008000a5c                RTC_Alarm_IRQHandler
                0x0000000008000a5c                EXTI2_IRQHandler
                0x0000000008000a5c                TIM8_TRG_COM_IRQHandler
                0x0000000008000a5c                TIM8_CC_IRQHandler
                0x0000000008000a5c                TIM1_CC_IRQHandler
                0x0000000008000a5c                TSC_IRQHandler
                0x0000000008000a5c                TAMP_STAMP_IRQHandler
                0x0000000008000a5c                EXTI3_IRQHandler
                0x0000000008000a5c                LPTIM2_IRQHandler
                0x0000000008000a5c                DFSDM1_FLT1_IRQHandler
                0x0000000008000a5c                I2C3_ER_IRQHandler
                0x0000000008000a5c                DFSDM1_FLT2_IRQHandler
                0x0000000008000a5c                EXTI0_IRQHandler
                0x0000000008000a5c                I2C2_EV_IRQHandler
                0x0000000008000a5c                CAN1_RX0_IRQHandler
                0x0000000008000a5c                FPU_IRQHandler
                0x0000000008000a5c                TIM1_UP_TIM16_IRQHandler
                0x0000000008000a5c                ADC1_2_IRQHandler
                0x0000000008000a5c                SPI1_IRQHandler
                0x0000000008000a5c                TIM6_DAC_IRQHandler
                0x0000000008000a5c                TIM8_UP_IRQHandler
                0x0000000008000a5c                DMA2_Channel2_IRQHandler
                0x0000000008000a5c                DMA1_Channel4_IRQHandler
                0x0000000008000a5c                SAI2_IRQHandler
                0x0000000008000a5c                DFSDM1_FLT3_IRQHandler
                0x0000000008000a5c                USART3_IRQHandler
                0x0000000008000a5c                DMA1_Channel7_IRQHandler
                0x0000000008000a5c                CAN1_RX1_IRQHandler
                0x0000000008000a5c                LCD_IRQHandler
                0x0000000008000a5c                UART5_IRQHandler
                0x0000000008000a5c                ADC3_IRQHandler
                0x0000000008000a5c                TIM4_IRQHandler
                0x0000000008000a5c                DMA2_Channel1_IRQHandler
                0x0000000008000a5c                QUADSPI_IRQHandler
                0x0000000008000a5c                I2C1_EV_IRQHandler
                0x0000000008000a5c                DMA1_Channel6_IRQHandler
                0x0000000008000a5c                UART4_IRQHandler
                0x0000000008000a5c                DMA2_Channel4_IRQHandler
                0x0000000008000a5c                TIM3_IRQHandler
                0x0000000008000a5c                RCC_IRQHandler
                0x0000000008000a5c                DMA1_Channel1_IRQHandler
                0x0000000008000a5c                Default_Handler
                0x0000000008000a5c                DMA2_Channel7_IRQHandler
                0x0000000008000a5c                TIM7_IRQHandler
                0x0000000008000a5c                SDMMC1_IRQHandler
                0x0000000008000a5c                TIM5_IRQHandler
                0x0000000008000a5c                I2C3_EV_IRQHandler
                0x0000000008000a5c                EXTI9_5_IRQHandler
                0x0000000008000a5c                RTC_WKUP_IRQHandler
                0x0000000008000a5c                PVD_PVM_IRQHandler
                0x0000000008000a5c                SPI2_IRQHandler
                0x0000000008000a5c                CAN1_TX_IRQHandler
                0x0000000008000a5c                DMA2_Channel5_IRQHandler
                0x0000000008000a5c                DMA1_Channel5_IRQHandler
                0x0000000008000a5c                EXTI4_IRQHandler
                0x0000000008000a5c                RNG_IRQHandler
                0x0000000008000a5c                TIM1_TRG_COM_TIM17_IRQHandler
                0x0000000008000a5c                DMA1_Channel3_IRQHandler
                0x0000000008000a5c                COMP_IRQHandler
                0x0000000008000a5c                WWDG_IRQHandler
                0x0000000008000a5c                LPUART1_IRQHandler
                0x0000000008000a5c                DMA2_Channel6_IRQHandler
                0x0000000008000a5c                TIM2_IRQHandler
                0x0000000008000a5c                EXTI1_IRQHandler
                0x0000000008000a5c                USART2_IRQHandler
                0x0000000008000a5c                DFSDM1_FLT0_IRQHandler
                0x0000000008000a5c                I2C2_ER_IRQHandler
                0x0000000008000a5c                DMA1_Channel2_IRQHandler
                0x0000000008000a5c                TIM8_BRK_IRQHandler
                0x0000000008000a5c                CAN1_SCE_IRQHandler
                0x0000000008000a5c                FLASH_IRQHandler
                0x0000000008000a5c                USART1_IRQHandler
                0x0000000008000a5c                OTG_FS_IRQHandler
                0x0000000008000a5c                SPI3_IRQHandler
                0x0000000008000a5c                I2C1_ER_IRQHandler
                0x0000000008000a5c                FMC_IRQHandler
                0x0000000008000a5c                SWPMI1_IRQHandler
                0x0000000008000a5c                LPTIM1_IRQHandler
                0x0000000008000a5c                SAI1_IRQHandler
                0x0000000008000a5c                DMA2_Channel3_IRQHandler
                0x0000000008000a5c                TIM1_BRK_TIM15_IRQHandler
 *fill*         0x0000000008000a5e        0x2 
 .text.LL_EXTI_EnableIT_0_31
                0x0000000008000a60       0x24 ./Drivers/STM32L4xx_HAL_Driver/Src/stm32l4xx_ll_exti.o
 .text.LL_EXTI_EnableIT_32_63
                0x0000000008000a84       0x24 ./Drivers/STM32L4xx_HAL_Driver/Src/stm32l4xx_ll_exti.o
 .text.LL_EXTI_DisableIT_0_31
                0x0000000008000aa8       0x28 ./Drivers/STM32L4xx_HAL_Driver/Src/stm32l4xx_ll_exti.o
 .text.LL_EXTI_DisableIT_32_63
                0x0000000008000ad0       0x28 ./Drivers/STM32L4xx_HAL_Driver/Src/stm32l4xx_ll_exti.o
 .text.LL_EXTI_EnableEvent_0_31
                0x0000000008000af8       0x24 ./Drivers/STM32L4xx_HAL_Driver/Src/stm32l4xx_ll_exti.o
 .text.LL_EXTI_EnableEvent_32_63
                0x0000000008000b1c       0x24 ./Drivers/STM32L4xx_HAL_Driver/Src/stm32l4xx_ll_exti.o
 .text.LL_EXTI_DisableEvent_0_31
                0x0000000008000b40       0x28 ./Drivers/STM32L4xx_HAL_Driver/Src/stm32l4xx_ll_exti.o
 .text.LL_EXTI_DisableEvent_32_63
                0x0000000008000b68       0x28 ./Drivers/STM32L4xx_HAL_Driver/Src/stm32l4xx_ll_exti.o
 .text.LL_EXTI_EnableRisingTrig_0_31
                0x0000000008000b90       0x24 ./Drivers/STM32L4xx_HAL_Driver/Src/stm32l4xx_ll_exti.o
 .text.LL_EXTI_EnableRisingTrig_32_63
                0x0000000008000bb4       0x24 ./Drivers/STM32L4xx_HAL_Driver/Src/stm32l4xx_ll_exti.o
 .text.LL_EXTI_DisableRisingTrig_0_31
                0x0000000008000bd8       0x28 ./Drivers/STM32L4xx_HAL_Driver/Src/stm32l4xx_ll_exti.o
 .text.LL_EXTI_DisableRisingTrig_32_63
                0x0000000008000c00       0x28 ./Drivers/STM32L4xx_HAL_Driver/Src/stm32l4xx_ll_exti.o
 .text.LL_EXTI_EnableFallingTrig_0_31
                0x0000000008000c28       0x24 ./Drivers/STM32L4xx_HAL_Driver/Src/stm32l4xx_ll_exti.o
 .text.LL_EXTI_EnableFallingTrig_32_63
                0x0000000008000c4c       0x24 ./Drivers/STM32L4xx_HAL_Driver/Src/stm32l4xx_ll_exti.o
 .text.LL_EXTI_DisableFallingTrig_0_31
                0x0000000008000c70       0x28 ./Drivers/STM32L4xx_HAL_Driver/Src/stm32l4xx_ll_exti.o
 .text.LL_EXTI_DisableFallingTrig_32_63
                0x0000000008000c98       0x28 ./Drivers/STM32L4xx_HAL_Driver/Src/stm32l4xx_ll_exti.o
 .text.LL_EXTI_Init
                0x0000000008000cc0      0x1e8 ./Drivers/STM32L4xx_HAL_Driver/Src/stm32l4xx_ll_exti.o
                0x0000000008000cc0                LL_EXTI_Init
 .text.LL_GPIO_SetPinMode
                0x0000000008000ea8       0x7a ./Drivers/STM32L4xx_HAL_Driver/Src/stm32l4xx_ll_gpio.o
 .text.LL_GPIO_SetPinOutputType
                0x0000000008000f22       0x30 ./Drivers/STM32L4xx_HAL_Driver/Src/stm32l4xx_ll_gpio.o
 .text.LL_GPIO_SetPinSpeed
                0x0000000008000f52       0x7a ./Drivers/STM32L4xx_HAL_Driver/Src/stm32l4xx_ll_gpio.o
 .text.LL_GPIO_SetPinPull
                0x0000000008000fcc       0x7a ./Drivers/STM32L4xx_HAL_Driver/Src/stm32l4xx_ll_gpio.o
 .text.LL_GPIO_SetAFPin_0_7
                0x0000000008001046       0x7a ./Drivers/STM32L4xx_HAL_Driver/Src/stm32l4xx_ll_gpio.o
 .text.LL_GPIO_SetAFPin_8_15
                0x00000000080010c0       0x7e ./Drivers/STM32L4xx_HAL_Driver/Src/stm32l4xx_ll_gpio.o
 .text.LL_GPIO_Init
                0x000000000800113e       0xdc ./Drivers/STM32L4xx_HAL_Driver/Src/stm32l4xx_ll_gpio.o
                0x000000000800113e                LL_GPIO_Init
 *fill*         0x000000000800121a        0x2 
 .text.LL_InitTick
                0x000000000800121c       0x34 ./Drivers/STM32L4xx_HAL_Driver/Src/stm32l4xx_ll_utils.o
 .text.LL_Init1msTick
                0x0000000008001250       0x1a ./Drivers/STM32L4xx_HAL_Driver/Src/stm32l4xx_ll_utils.o
                0x0000000008001250                LL_Init1msTick
 *fill*         0x000000000800126a        0x2 
 .text.LL_SetSystemCoreClock
                0x000000000800126c       0x20 ./Drivers/STM32L4xx_HAL_Driver/Src/stm32l4xx_ll_utils.o
                0x000000000800126c                LL_SetSystemCoreClock
 .text.__libc_init_array
                0x000000000800128c       0x48 C:/ST/STM32CubeIDE_1.13.2/STM32CubeIDE/plugins/com.st.stm32cube.ide.mcu.externaltools.gnu-tools-for-stm32.11.3.rel1.win32_1.1.1.202309131626/tools/bin/../lib/gcc/arm-none-eabi/11.3.1/../../../../arm-none-eabi/lib/thumb/v7e-m+fp/hard\libc_nano.a(libc_a-init.o)
                0x000000000800128c                __libc_init_array
 *(.glue_7)
 .glue_7        0x00000000080012d4        0x0 linker stubs
 *(.glue_7t)
 .glue_7t       0x00000000080012d4        0x0 linker stubs
 *(.eh_frame)
 .eh_frame      0x00000000080012d4        0x0 C:/ST/STM32CubeIDE_1.13.2/STM32CubeIDE/plugins/com.st.stm32cube.ide.mcu.externaltools.gnu-tools-for-stm32.11.3.rel1.win32_1.1.1.202309131626/tools/bin/../lib/gcc/arm-none-eabi/11.3.1/thumb/v7e-m+fp/hard/crtbegin.o
 *(.init)
 .init          0x00000000080012d4        0x4 C:/ST/STM32CubeIDE_1.13.2/STM32CubeIDE/plugins/com.st.stm32cube.ide.mcu.externaltools.gnu-tools-for-stm32.11.3.rel1.win32_1.1.1.202309131626/tools/bin/../lib/gcc/arm-none-eabi/11.3.1/thumb/v7e-m+fp/hard/crti.o
                0x00000000080012d4                _init
 .init          0x00000000080012d8        0x8 C:/ST/STM32CubeIDE_1.13.2/STM32CubeIDE/plugins/com.st.stm32cube.ide.mcu.externaltools.gnu-tools-for-stm32.11.3.rel1.win32_1.1.1.202309131626/tools/bin/../lib/gcc/arm-none-eabi/11.3.1/thumb/v7e-m+fp/hard/crtn.o
 *(.fini)
 .fini          0x00000000080012e0        0x4 C:/ST/STM32CubeIDE_1.13.2/STM32CubeIDE/plugins/com.st.stm32cube.ide.mcu.externaltools.gnu-tools-for-stm32.11.3.rel1.win32_1.1.1.202309131626/tools/bin/../lib/gcc/arm-none-eabi/11.3.1/thumb/v7e-m+fp/hard/crti.o
                0x00000000080012e0                _fini
 .fini          0x00000000080012e4        0x8 C:/ST/STM32CubeIDE_1.13.2/STM32CubeIDE/plugins/com.st.stm32cube.ide.mcu.externaltools.gnu-tools-for-stm32.11.3.rel1.win32_1.1.1.202309131626/tools/bin/../lib/gcc/arm-none-eabi/11.3.1/thumb/v7e-m+fp/hard/crtn.o
                0x00000000080012ec                . = ALIGN (0x4)
                0x00000000080012ec                _etext = .

.vfp11_veneer   0x00000000080012ec        0x0
 .vfp11_veneer  0x00000000080012ec        0x0 linker stubs

.v4_bx          0x00000000080012ec        0x0
 .v4_bx         0x00000000080012ec        0x0 linker stubs

.iplt           0x00000000080012ec        0x0
 .iplt          0x00000000080012ec        0x0 C:/ST/STM32CubeIDE_1.13.2/STM32CubeIDE/plugins/com.st.stm32cube.ide.mcu.externaltools.gnu-tools-for-stm32.11.3.rel1.win32_1.1.1.202309131626/tools/bin/../lib/gcc/arm-none-eabi/11.3.1/thumb/v7e-m+fp/hard/crtbegin.o

.rel.dyn        0x00000000080012ec        0x0
 .rel.iplt      0x00000000080012ec        0x0 C:/ST/STM32CubeIDE_1.13.2/STM32CubeIDE/plugins/com.st.stm32cube.ide.mcu.externaltools.gnu-tools-for-stm32.11.3.rel1.win32_1.1.1.202309131626/tools/bin/../lib/gcc/arm-none-eabi/11.3.1/thumb/v7e-m+fp/hard/crtbegin.o

.rodata         0x00000000080012ec        0x0
                0x00000000080012ec                . = ALIGN (0x4)
 *(.rodata)
 *(.rodata*)
                0x00000000080012ec                . = ALIGN (0x4)

.ARM.extab      0x00000000080012ec        0x0
                0x00000000080012ec                . = ALIGN (0x4)
 *(.ARM.extab* .gnu.linkonce.armextab.*)
                0x00000000080012ec                . = ALIGN (0x4)

.ARM            0x00000000080012ec        0x0
                0x00000000080012ec                . = ALIGN (0x4)
                0x00000000080012ec                __exidx_start = .
 *(.ARM.exidx*)
                0x00000000080012ec                __exidx_end = .
                0x00000000080012ec                . = ALIGN (0x4)

.preinit_array  0x00000000080012ec        0x0
                0x00000000080012ec                . = ALIGN (0x4)
                0x00000000080012ec                PROVIDE (__preinit_array_start = .)
 *(.preinit_array*)
                0x00000000080012ec                PROVIDE (__preinit_array_end = .)
                0x00000000080012ec                . = ALIGN (0x4)

.init_array     0x00000000080012ec        0x4
                0x00000000080012ec                . = ALIGN (0x4)
                0x00000000080012ec                PROVIDE (__init_array_start = .)
 *(SORT_BY_NAME(.init_array.*))
 *(.init_array*)
 .init_array    0x00000000080012ec        0x4 C:/ST/STM32CubeIDE_1.13.2/STM32CubeIDE/plugins/com.st.stm32cube.ide.mcu.externaltools.gnu-tools-for-stm32.11.3.rel1.win32_1.1.1.202309131626/tools/bin/../lib/gcc/arm-none-eabi/11.3.1/thumb/v7e-m+fp/hard/crtbegin.o
                0x00000000080012f0                PROVIDE (__init_array_end = .)
                0x00000000080012f0                . = ALIGN (0x4)

.fini_array     0x00000000080012f0        0x4
                0x00000000080012f0                . = ALIGN (0x4)
                [!provide]                        PROVIDE (__fini_array_start = .)
 *(SORT_BY_NAME(.fini_array.*))
 *(.fini_array*)
 .fini_array    0x00000000080012f0        0x4 C:/ST/STM32CubeIDE_1.13.2/STM32CubeIDE/plugins/com.st.stm32cube.ide.mcu.externaltools.gnu-tools-for-stm32.11.3.rel1.win32_1.1.1.202309131626/tools/bin/../lib/gcc/arm-none-eabi/11.3.1/thumb/v7e-m+fp/hard/crtbegin.o
                [!provide]                        PROVIDE (__fini_array_end = .)
                0x00000000080012f4                . = ALIGN (0x4)
                0x00000000080012f4                _sidata = LOADADDR (.data)

.data           0x0000000020000000        0x4 load address 0x00000000080012f4
                0x0000000020000000                . = ALIGN (0x4)
                0x0000000020000000                _sdata = .
 *(.data)
 *(.data*)
 .data.SystemCoreClock
                0x0000000020000000        0x4 ./Core/Src/system_stm32l4xx.o
                0x0000000020000000                SystemCoreClock
 *(.RamFunc)
 *(.RamFunc*)
                0x0000000020000004                . = ALIGN (0x4)
                0x0000000020000004                _edata = .

.igot.plt       0x0000000020000004        0x0 load address 0x00000000080012f8
 .igot.plt      0x0000000020000004        0x0 C:/ST/STM32CubeIDE_1.13.2/STM32CubeIDE/plugins/com.st.stm32cube.ide.mcu.externaltools.gnu-tools-for-stm32.11.3.rel1.win32_1.1.1.202309131626/tools/bin/../lib/gcc/arm-none-eabi/11.3.1/thumb/v7e-m+fp/hard/crtbegin.o
                0x0000000020000004                . = ALIGN (0x4)

.bss            0x0000000020000004       0x20 load address 0x00000000080012f8
                0x0000000020000004                _sbss = .
                0x0000000020000004                __bss_start__ = _sbss
 *(.bss)
 .bss           0x0000000020000004       0x1c C:/ST/STM32CubeIDE_1.13.2/STM32CubeIDE/plugins/com.st.stm32cube.ide.mcu.externaltools.gnu-tools-for-stm32.11.3.rel1.win32_1.1.1.202309131626/tools/bin/../lib/gcc/arm-none-eabi/11.3.1/thumb/v7e-m+fp/hard/crtbegin.o
 *(.bss*)
 .bss.flag      0x0000000020000020        0x1 ./Core/Src/main.o
                0x0000000020000020                flag
 *(COMMON)
                0x0000000020000024                . = ALIGN (0x4)
 *fill*         0x0000000020000021        0x3 
                0x0000000020000024                _ebss = .
                0x0000000020000024                __bss_end__ = _ebss

._user_heap_stack
                0x0000000020000024      0x604 load address 0x00000000080012f8
                0x0000000020000028                . = ALIGN (0x8)
 *fill*         0x0000000020000024        0x4 
                [!provide]                        PROVIDE (end = .)
                0x0000000020000028                PROVIDE (_end = .)
                0x0000000020000228                . = (. + _Min_Heap_Size)
 *fill*         0x0000000020000028      0x200 
                0x0000000020000628                . = (. + _Min_Stack_Size)
 *fill*         0x0000000020000228      0x400 
                0x0000000020000628                . = ALIGN (0x8)

/DISCARD/
 libc.a(*)
 libm.a(*)
 libgcc.a(*)

.ARM.attributes
                0x0000000000000000       0x30
 *(.ARM.attributes)
 .ARM.attributes
                0x0000000000000000       0x1e C:/ST/STM32CubeIDE_1.13.2/STM32CubeIDE/plugins/com.st.stm32cube.ide.mcu.externaltools.gnu-tools-for-stm32.11.3.rel1.win32_1.1.1.202309131626/tools/bin/../lib/gcc/arm-none-eabi/11.3.1/thumb/v7e-m+fp/hard/crti.o
 .ARM.attributes
                0x000000000000001e       0x34 C:/ST/STM32CubeIDE_1.13.2/STM32CubeIDE/plugins/com.st.stm32cube.ide.mcu.externaltools.gnu-tools-for-stm32.11.3.rel1.win32_1.1.1.202309131626/tools/bin/../lib/gcc/arm-none-eabi/11.3.1/thumb/v7e-m+fp/hard/crtbegin.o
 .ARM.attributes
                0x0000000000000052       0x34 ./Core/Src/main.o
 .ARM.attributes
                0x0000000000000086       0x34 ./Core/Src/stm32l4xx_it.o
 .ARM.attributes
                0x00000000000000ba       0x34 ./Core/Src/system_stm32l4xx.o
 .ARM.attributes
                0x00000000000000ee       0x21 ./Core/Startup/startup_stm32l476rgtx.o
 .ARM.attributes
                0x000000000000010f       0x34 ./Drivers/STM32L4xx_HAL_Driver/Src/stm32l4xx_ll_exti.o
 .ARM.attributes
                0x0000000000000143       0x34 ./Drivers/STM32L4xx_HAL_Driver/Src/stm32l4xx_ll_gpio.o
 .ARM.attributes
                0x0000000000000177       0x34 ./Drivers/STM32L4xx_HAL_Driver/Src/stm32l4xx_ll_utils.o
 .ARM.attributes
                0x00000000000001ab       0x34 C:/ST/STM32CubeIDE_1.13.2/STM32CubeIDE/plugins/com.st.stm32cube.ide.mcu.externaltools.gnu-tools-for-stm32.11.3.rel1.win32_1.1.1.202309131626/tools/bin/../lib/gcc/arm-none-eabi/11.3.1/../../../../arm-none-eabi/lib/thumb/v7e-m+fp/hard\libc_nano.a(libc_a-init.o)
 .ARM.attributes
                0x00000000000001df       0x1e C:/ST/STM32CubeIDE_1.13.2/STM32CubeIDE/plugins/com.st.stm32cube.ide.mcu.externaltools.gnu-tools-for-stm32.11.3.rel1.win32_1.1.1.202309131626/tools/bin/../lib/gcc/arm-none-eabi/11.3.1/thumb/v7e-m+fp/hard/crtn.o
OUTPUT(G0_EXTI.elf elf32-littlearm)
LOAD linker stubs
LOAD C:/ST/STM32CubeIDE_1.13.2/STM32CubeIDE/plugins/com.st.stm32cube.ide.mcu.externaltools.gnu-tools-for-stm32.11.3.rel1.win32_1.1.1.202309131626/tools/bin/../lib/gcc/arm-none-eabi/11.3.1/../../../../arm-none-eabi/lib/thumb/v7e-m+fp/hard\libc.a
LOAD C:/ST/STM32CubeIDE_1.13.2/STM32CubeIDE/plugins/com.st.stm32cube.ide.mcu.externaltools.gnu-tools-for-stm32.11.3.rel1.win32_1.1.1.202309131626/tools/bin/../lib/gcc/arm-none-eabi/11.3.1/../../../../arm-none-eabi/lib/thumb/v7e-m+fp/hard\libm.a
LOAD C:/ST/STM32CubeIDE_1.13.2/STM32CubeIDE/plugins/com.st.stm32cube.ide.mcu.externaltools.gnu-tools-for-stm32.11.3.rel1.win32_1.1.1.202309131626/tools/bin/../lib/gcc/arm-none-eabi/11.3.1/thumb/v7e-m+fp/hard\libgcc.a

.comment        0x0000000000000000       0x43
 .comment       0x0000000000000000       0x43 C:/ST/STM32CubeIDE_1.13.2/STM32CubeIDE/plugins/com.st.stm32cube.ide.mcu.externaltools.gnu-tools-for-stm32.11.3.rel1.win32_1.1.1.202309131626/tools/bin/../lib/gcc/arm-none-eabi/11.3.1/thumb/v7e-m+fp/hard/crtbegin.o
                                         0x44 (size before relaxing)
 .comment       0x0000000000000043       0x44 ./Core/Src/main.o
 .comment       0x0000000000000043       0x44 ./Core/Src/stm32l4xx_it.o
 .comment       0x0000000000000043       0x44 ./Core/Src/system_stm32l4xx.o
 .comment       0x0000000000000043       0x44 ./Drivers/STM32L4xx_HAL_Driver/Src/stm32l4xx_ll_exti.o
 .comment       0x0000000000000043       0x44 ./Drivers/STM32L4xx_HAL_Driver/Src/stm32l4xx_ll_gpio.o
 .comment       0x0000000000000043       0x44 ./Drivers/STM32L4xx_HAL_Driver/Src/stm32l4xx_ll_utils.o

.debug_info     0x0000000000000000     0x3727
 .debug_info    0x0000000000000000     0x145b ./Core/Src/main.o
 .debug_info    0x000000000000145b      0x2a9 ./Core/Src/stm32l4xx_it.o
 .debug_info    0x0000000000001704      0x5aa ./Core/Src/system_stm32l4xx.o
 .debug_info    0x0000000000001cae       0x23 ./Core/Startup/startup_stm32l476rgtx.o
 .debug_info    0x0000000000001cd1      0x4cd ./Drivers/STM32L4xx_HAL_Driver/Src/stm32l4xx_ll_exti.o
 .debug_info    0x000000000000219e      0x94b ./Drivers/STM32L4xx_HAL_Driver/Src/stm32l4xx_ll_gpio.o
 .debug_info    0x0000000000002ae9      0xc3e ./Drivers/STM32L4xx_HAL_Driver/Src/stm32l4xx_ll_utils.o

.debug_abbrev   0x0000000000000000      0xbe1
 .debug_abbrev  0x0000000000000000      0x339 ./Core/Src/main.o
 .debug_abbrev  0x0000000000000339      0x160 ./Core/Src/stm32l4xx_it.o
 .debug_abbrev  0x0000000000000499      0x11a ./Core/Src/system_stm32l4xx.o
 .debug_abbrev  0x00000000000005b3       0x12 ./Core/Startup/startup_stm32l476rgtx.o
 .debug_abbrev  0x00000000000005c5      0x188 ./Drivers/STM32L4xx_HAL_Driver/Src/stm32l4xx_ll_exti.o
 .debug_abbrev  0x000000000000074d      0x235 ./Drivers/STM32L4xx_HAL_Driver/Src/stm32l4xx_ll_gpio.o
 .debug_abbrev  0x0000000000000982      0x25f ./Drivers/STM32L4xx_HAL_Driver/Src/stm32l4xx_ll_utils.o

.debug_aranges  0x0000000000000000      0x430
 .debug_aranges
                0x0000000000000000      0x110 ./Core/Src/main.o
 .debug_aranges
                0x0000000000000110       0x78 ./Core/Src/stm32l4xx_it.o
 .debug_aranges
                0x0000000000000188       0x28 ./Core/Src/system_stm32l4xx.o
 .debug_aranges
                0x00000000000001b0       0x28 ./Core/Startup/startup_stm32l476rgtx.o
 .debug_aranges
                0x00000000000001d8       0xb0 ./Drivers/STM32L4xx_HAL_Driver/Src/stm32l4xx_ll_exti.o
 .debug_aranges
                0x0000000000000288       0x70 ./Drivers/STM32L4xx_HAL_Driver/Src/stm32l4xx_ll_gpio.o
 .debug_aranges
                0x00000000000002f8      0x138 ./Drivers/STM32L4xx_HAL_Driver/Src/stm32l4xx_ll_utils.o

.debug_rnglists
                0x0000000000000000      0x30a
 .debug_rnglists
                0x0000000000000000       0xc9 ./Core/Src/main.o
 .debug_rnglists
                0x00000000000000c9       0x55 ./Core/Src/stm32l4xx_it.o
 .debug_rnglists
                0x000000000000011e       0x1a ./Core/Src/system_stm32l4xx.o
 .debug_rnglists
                0x0000000000000138       0x19 ./Core/Startup/startup_stm32l476rgtx.o
 .debug_rnglists
                0x0000000000000151       0x80 ./Drivers/STM32L4xx_HAL_Driver/Src/stm32l4xx_ll_exti.o
 .debug_rnglists
                0x00000000000001d1       0x51 ./Drivers/STM32L4xx_HAL_Driver/Src/stm32l4xx_ll_gpio.o
 .debug_rnglists
                0x0000000000000222       0xe8 ./Drivers/STM32L4xx_HAL_Driver/Src/stm32l4xx_ll_utils.o

.debug_macro    0x0000000000000000    0x1e436
 .debug_macro   0x0000000000000000      0x138 ./Core/Src/main.o
 .debug_macro   0x0000000000000138      0xaf6 ./Core/Src/main.o
 .debug_macro   0x0000000000000c2e       0x2e ./Core/Src/main.o
 .debug_macro   0x0000000000000c5c       0x28 ./Core/Src/main.o
 .debug_macro   0x0000000000000c84       0x22 ./Core/Src/main.o
 .debug_macro   0x0000000000000ca6       0x8e ./Core/Src/main.o
 .debug_macro   0x0000000000000d34       0x51 ./Core/Src/main.o
 .debug_macro   0x0000000000000d85      0x103 ./Core/Src/main.o
 .debug_macro   0x0000000000000e88       0x6a ./Core/Src/main.o
 .debug_macro   0x0000000000000ef2      0x1df ./Core/Src/main.o
 .debug_macro   0x00000000000010d1       0x1c ./Core/Src/main.o
 .debug_macro   0x00000000000010ed       0x22 ./Core/Src/main.o
 .debug_macro   0x000000000000110f       0xfb ./Core/Src/main.o
 .debug_macro   0x000000000000120a     0x1011 ./Core/Src/main.o
 .debug_macro   0x000000000000221b      0x11f ./Core/Src/main.o
 .debug_macro   0x000000000000233a    0x1a17a ./Core/Src/main.o
 .debug_macro   0x000000000001c4b4       0x6d ./Core/Src/main.o
 .debug_macro   0x000000000001c521      0x716 ./Core/Src/main.o
 .debug_macro   0x000000000001cc37      0x1bf ./Core/Src/main.o
 .debug_macro   0x000000000001cdf6      0x2f5 ./Core/Src/main.o
 .debug_macro   0x000000000001d0eb      0x163 ./Core/Src/main.o
 .debug_macro   0x000000000001d24e      0x1a6 ./Core/Src/main.o
 .debug_macro   0x000000000001d3f4       0xa7 ./Core/Src/main.o
 .debug_macro   0x000000000001d49b      0x20d ./Core/Src/main.o
 .debug_macro   0x000000000001d6a8      0x2cb ./Core/Src/main.o
 .debug_macro   0x000000000001d973      0x169 ./Core/Src/main.o
 .debug_macro   0x000000000001dadc       0x40 ./Core/Src/main.o
 .debug_macro   0x000000000001db1c      0x142 ./Core/Src/stm32l4xx_it.o
 .debug_macro   0x000000000001dc5e       0xce ./Core/Src/system_stm32l4xx.o
 .debug_macro   0x000000000001dd2c       0xfb ./Drivers/STM32L4xx_HAL_Driver/Src/stm32l4xx_ll_exti.o
 .debug_macro   0x000000000001de27      0x15d ./Drivers/STM32L4xx_HAL_Driver/Src/stm32l4xx_ll_exti.o
 .debug_macro   0x000000000001df84      0x110 ./Drivers/STM32L4xx_HAL_Driver/Src/stm32l4xx_ll_gpio.o
 .debug_macro   0x000000000001e094      0x163 ./Drivers/STM32L4xx_HAL_Driver/Src/stm32l4xx_ll_gpio.o
 .debug_macro   0x000000000001e1f7      0x19e ./Drivers/STM32L4xx_HAL_Driver/Src/stm32l4xx_ll_utils.o
 .debug_macro   0x000000000001e395       0xa1 ./Drivers/STM32L4xx_HAL_Driver/Src/stm32l4xx_ll_utils.o

.debug_line     0x0000000000000000     0x33db
 .debug_line    0x0000000000000000      0xb25 ./Core/Src/main.o
 .debug_line    0x0000000000000b25      0x73c ./Core/Src/stm32l4xx_it.o
 .debug_line    0x0000000000001261      0x588 ./Core/Src/system_stm32l4xx.o
 .debug_line    0x00000000000017e9       0x7a ./Core/Startup/startup_stm32l476rgtx.o
 .debug_line    0x0000000000001863      0x788 ./Drivers/STM32L4xx_HAL_Driver/Src/stm32l4xx_ll_exti.o
 .debug_line    0x0000000000001feb      0x83b ./Drivers/STM32L4xx_HAL_Driver/Src/stm32l4xx_ll_gpio.o
 .debug_line    0x0000000000002826      0xbb5 ./Drivers/STM32L4xx_HAL_Driver/Src/stm32l4xx_ll_utils.o

.debug_str      0x0000000000000000    0xaad4c
 .debug_str     0x0000000000000000    0xa929d ./Core/Src/main.o
                                      0xa95b5 (size before relaxing)
 .debug_str     0x00000000000a929d      0x159 ./Core/Src/stm32l4xx_it.o
                                      0xa8a5f (size before relaxing)
 .debug_str     0x00000000000a93f6       0x8e ./Core/Src/system_stm32l4xx.o
                                      0x9ec0b (size before relaxing)
 .debug_str     0x00000000000a9484       0x34 ./Core/Startup/startup_stm32l476rgtx.o
                                         0x68 (size before relaxing)
 .debug_str     0x00000000000a94b8      0x450 ./Drivers/STM32L4xx_HAL_Driver/Src/stm32l4xx_ll_exti.o
                                      0x9f5fd (size before relaxing)
 .debug_str     0x00000000000a9908      0x624 ./Drivers/STM32L4xx_HAL_Driver/Src/stm32l4xx_ll_gpio.o
                                      0xa05cd (size before relaxing)
 .debug_str     0x00000000000a9f2c      0xe20 ./Drivers/STM32L4xx_HAL_Driver/Src/stm32l4xx_ll_utils.o
                                      0xa59fb (size before relaxing)

.debug_frame    0x0000000000000000     0x1034
 .debug_frame   0x0000000000000000      0x484 ./Core/Src/main.o
 .debug_frame   0x0000000000000484      0x174 ./Core/Src/stm32l4xx_it.o
 .debug_frame   0x00000000000005f8       0x58 ./Core/Src/system_stm32l4xx.o
 .debug_frame   0x0000000000000650      0x2fc ./Drivers/STM32L4xx_HAL_Driver/Src/stm32l4xx_ll_exti.o
 .debug_frame   0x000000000000094c      0x1c0 ./Drivers/STM32L4xx_HAL_Driver/Src/stm32l4xx_ll_gpio.o
 .debug_frame   0x0000000000000b0c      0x4fc ./Drivers/STM32L4xx_HAL_Driver/Src/stm32l4xx_ll_utils.o
 .debug_frame   0x0000000000001008       0x2c C:/ST/STM32CubeIDE_1.13.2/STM32CubeIDE/plugins/com.st.stm32cube.ide.mcu.externaltools.gnu-tools-for-stm32.11.3.rel1.win32_1.1.1.202309131626/tools/bin/../lib/gcc/arm-none-eabi/11.3.1/../../../../arm-none-eabi/lib/thumb/v7e-m+fp/hard\libc_nano.a(libc_a-init.o)

.debug_line_str
                0x0000000000000000       0x5c
 .debug_line_str
                0x0000000000000000       0x5c ./Core/Startup/startup_stm32l476rgtx.o
                                         0x74 (size before relaxing)
