19:28:57 **** Incremental Build of configuration Debug for project SG90_MicroServo ****
make -j20 all 
arm-none-eabi-gcc "../Core/Src/main.c" -mcpu=cortex-m4 -std=gnu11 -g3 -DDEBUG -DUSE_HAL_DRIVER -DSTM32L476xx -c -I../Core/Inc -I../Drivers/STM32L4xx_HAL_Driver/Inc -I../Drivers/STM32L4xx_HAL_Driver/Inc/Legacy -I../Drivers/CMSIS/Device/ST/STM32L4xx/Include -I../Drivers/CMSIS/Include -O0 -ffunction-sections -fdata-sections -Wall -fstack-usage -fcyclomatic-complexity -MMD -MP -MF"Core/Src/main.d" -MT"Core/Src/main.o" --specs=nano.specs -mfpu=fpv4-sp-d16 -mfloat-abi=hard -mthumb -o "Core/Src/main.o"
arm-none-eabi-gcc -o "SG90_MicroServo.elf" @"objects.list"   -mcpu=cortex-m4 -T"C:\Users\schin\Desktop\STM32\Git\STM32\SG90_MicroServo\STM32L476RGTX_FLASH.ld" --specs=nosys.specs -Wl,-Map="SG90_MicroServo.map" -Wl,--gc-sections -static --specs=nano.specs -mfpu=fpv4-sp-d16 -mfloat-abi=hard -mthumb -Wl,--start-group -lc -lm -Wl,--end-group
Finished building target: SG90_MicroServo.elf
 
arm-none-eabi-size   SG90_MicroServo.elf 
arm-none-eabi-objdump -h -S  SG90_MicroServo.elf  > "SG90_MicroServo.list"
   text	   data	    bss	    dec	    hex	filename
  15000	    100	   2292	  17392	   43f0	SG90_MicroServo.elf
Finished building: default.size.stdout
 
Finished building: SG90_MicroServo.list
 
