07:33:16 **** Incremental Build of configuration Debug for project SG90_MicroServo ****
make -j20 all 
arm-none-eabi-size   SG90_MicroServo.elf 
   text	   data	    bss	    dec	    hex	filename
  10592	     24	   1648	  12264	   2fe8	SG90_MicroServo.elf
Finished building: default.size.stdout
 
07:33:34 **** Incremental Build of configuration Debug for project SG90_MicroServo ****
make -j20 all 
arm-none-eabi-size   SG90_MicroServo.elf 
   text	   data	    bss	    dec	    hex	filename
  10592	     24	   1648	  12264	   2fe8	SG90_MicroServo.elf
Finished building: default.size.stdout
 
